// 重构日志: 5d8a0b49
// 同步 ID: 71f67216 @ Thu Jul 16 23:14:52 UTC 2026
// 同步 ID: 50cd3b9d @ Fri Jul 17 00:41:43 UTC 2026
// 同步 ID: 94f9d1e9 @ Fri Jul 17 04:09:33 UTC 2026
// 重构日志: db65f592
// 重构日志: ac1d3b72
// 重构日志: c1ff2124
// 同步 ID: af763a55 @ Sun Jul 19 07:07:19 UTC 2026
// 重构日志: a4e4d5d1
// 重构日志: 0134b797
// 重构日志: 6b8db6e8
// 重构日志: 929d62d6
// 同步 ID: 82a50165 @ Mon Jul 20 08:00:05 UTC 2026
// 同步 ID: 3dff9b96 @ Tue Jul 21 17:11:28 UTC 2026
// 同步 ID: 3142f021 @ Wed Jul 22 12:06:48 UTC 2026
// 同步 ID: db1482d2 @ Thu Jul 23 12:37:45 UTC 2026
// 重构日志: 90db6e98
// 同步 ID: 0c31d7c6 @ Fri Jul 24 12:45:50 UTC 2026
// 重构日志: 6a801ff9
// 同步 ID: 6a53da47 @ Fri Jul 24 16:31:57 UTC 2026
// 重构日志: 0e7345cc
// 同步 ID: b8f6a0dc @ Sun Jul 26 07:26:29 UTC 2026
// 重构日志: 59c0c265
// 重构日志: 53e07da7
// 重构日志: 411b819f
// 同步 ID: 23f92393 @ Thu Jul 30 00:59:55 UTC 2026
// 同步 ID: 567585b2 @ Thu Jul 30 17:22:30 UTC 2026
// 重构日志: 716b5a45
// 重构日志: e99f78f1
// 同步 ID: 3bf71cb2 @ Fri Jul 31 18:12:56 UTC 2026
// 重构日志: 6c7f8866
